  ! unicorn(no-useless-spread): Using a spread operator here creates a new array unnecessarily.
     ,-[apps/server/src/personal/browser/PersonalBrowser.test.ts:209:29]
 208 |     this.dialog = dialog;
 209 |     for (const listener of [...this.dialogListeners]) listener(dialog);
     :                             ^^^
 210 |   }
     `----
  help: `for…of` can iterate over iterable, it's unnecessary to convert to an array.

  ! unicorn(no-useless-spread): Using a spread operator here creates a new array unnecessarily.
     ,-[apps/server/src/personal/browser/PersonalBrowser.test.ts:215:29]
 214 |     this.dialog = null;
 215 |     for (const listener of [...this.dialogListeners]) listener(null);
     :                             ^^^
 216 |     return true;
     `----
  help: `for…of` can iterate over iterable, it's unnecessary to convert to an array.

  ! unicorn(no-array-reverse): Use `Array#toReversed()` instead of `Array#reverse()`.
    ,-[apps/server/src/personal/connections/createApp/template.test.ts:27:64]
 26 |   it("does not depend on the order files happen to be listed in", () => {
 27 |     assert.equal(templateDigest([...STATIC_APP_TEMPLATE.files].reverse()), PINNED_TEMPLATE_DIGEST);
    :                                                                ^^^^^^^
 28 |   });
    `----
  help: `Array#reverse()` mutates the original array. Use `Array#toReversed()` to return a new reversed array without modifying the original.

  ! eslint(no-unused-vars): Identifier 'PersonalGroupsError' is imported but never used.
    ,-[apps/server/src/ws.ts:73:3]
 72 |   EnvironmentAuthorizationError,
 73 |   PersonalGroupsError,
    :   ^^^^^^^^^|^^^^^^^^^
    :            `-- 'PersonalGroupsError' is imported here
 74 |   ThreadId,
    `----
  help: Consider removing this import.

  ! react(refs): Cannot access refs during render
     ,-[apps/mobile/src/state/use-thread-selection.ts:106:23]
 105 |   if (routeThreadRef !== null) {
 106 |     lastRouteThreadRef.current = routeThreadRef;
     :     ^^^^^^^^^|^^^^^^^^^^^^|^^^
     :              |            `-- Cannot update ref value during render
     :              `-- This value is a ref
 107 |   }
     `----
  help: React refs are values that are not needed for rendering. Refs should only be accessed outside of render, such as in event handlers or effects. Accessing a ref value (the `current` property) during render can cause your component not to update as expected
  note: React Compiler skipped optimizing this component or hook. Additional guidance: https://react.dev/reference/eslint-plugin-react-hooks/lints/refs

  ! react(refs): Cannot access refs during render
     ,-[apps/mobile/src/state/use-thread-selection.ts:108:47]
 107 |   }
 108 |   const selectedThreadRef = routeThreadRef ?? lastRouteThreadRef.current;
     :                                               ^^^^^^^^^^^^^|^^^^^^^^^^^^
     :                                                            `-- Cannot access ref value during render
 109 |   const selectedThreadShell = useThreadShell(selectedThreadRef);
     `----
  help: React refs are values that are not needed for rendering. Refs should only be accessed outside of render, such as in event handlers or effects. Accessing a ref value (the `current` property) during render can cause your component not to update as expected
  note: React Compiler skipped optimizing this component or hook. Additional guidance: https://react.dev/reference/eslint-plugin-react-hooks/lints/refs

  x t3code(namespace-node-imports): Import node:fs as a namespace named NodeFS.
   ,-[scripts/personal/adblock/extract-domains.mjs:2:1]
 1 | // node scripts/personal/adblock/extract-domains.mjs <lists dir>   (needs easylist.txt, easyprivacy.txt, pgl.txt in it)
 2 | import fs from "node:fs";
   : ^^^^^^^^^^^^^^^^^^^^^^^^^
 3 | const out = new Set();
   `----

  x t3code(namespace-node-imports): Import node:module as a namespace named NodeModule.
   ,-[scripts/personal/adblock/crawl.mjs:4:1]
 3 | //   node scripts/personal/adblock/crawl.mjs   (writes crawl-out.json in the current directory, uses ./prof-crawl)
 4 | import { createRequire } from "node:module";
   : ^^^^^^^^^^^^^^^^^^^^^^^^^^^^^^^^^^^^^^^^^^^^
 5 | import path from "node:path";
   `----

  x t3code(namespace-node-imports): Import node:path as a namespace named NodePath.
   ,-[scripts/personal/adblock/crawl.mjs:5:1]
 4 | import { createRequire } from "node:module";
 5 | import path from "node:path";
   : ^^^^^^^^^^^^^^^^^^^^^^^^^^^^^
 6 | import fs from "node:fs";
   `----

  x t3code(namespace-node-imports): Import node:fs as a namespace named NodeFS.
   ,-[scripts/personal/adblock/crawl.mjs:6:1]
 5 | import path from "node:path";
 6 | import fs from "node:fs";
   : ^^^^^^^^^^^^^^^^^^^^^^^^^
 7 | const require = createRequire(new URL("../../../apps/server/package.json", import.meta.url));
   `----

  x t3code(namespace-node-imports): Import node:fs as a namespace named NodeFS.
    ,-[scripts/personal/adblock/build-list.mjs:9:1]
  8 | // They are ranked by how many different pages contacted them and cut to what fits on the command line.
  9 | import fs from "node:fs";
    : ^^^^^^^^^^^^^^^^^^^^^^^^^
 10 | import { createRequire } from "node:module";
    `----

  x t3code(namespace-node-imports): Import node:module as a namespace named NodeModule.
    ,-[scripts/personal/adblock/build-list.mjs:10:1]
  9 | import fs from "node:fs";
 10 | import { createRequire } from "node:module";
    : ^^^^^^^^^^^^^^^^^^^^^^^^^^^^^^^^^^^^^^^^^^^^
 11 | const require = createRequire(new URL("../../../apps/server/package.json", import.meta.url));
    `----

  x t3code(namespace-node-imports): Import node:child_process as a namespace named NodeChildProcess.
    ,-[apps/server/src/provider/processTree.ts:23:1]
 22 |  */
 23 | import { execFile } from "node:child_process";
    : ^^^^^^^^^^^^^^^^^^^^^^^^^^^^^^^^^^^^^^^^^^^^^^
 24 | import * as NodeFS from "node:fs";
    `----

  x t3code(no-global-process-runtime): Use HostProcessPlatform instead of process.platform; inject the runtime reference in Effect code and provide it explicitly in tests.
     ,-[apps/server/src/provider/processTree.ts:174:25]
 173 |   const exec = deps.run ?? run;
 174 |   if ((deps.platform ?? process.platform) === "win32") {
     :                         ^^^^^^^^^^^^^^^^
 175 |     const result = await exec(
     `----

  x t3code(no-global-process-runtime): Use HostProcessPlatform instead of process.platform; inject the runtime reference in Effect code and provide it explicitly in tests.
     ,-[apps/server/src/provider/processTree.ts:190:9]
 189 |   Effect.promise(async (): Promise<boolean> => {
 190 |     if (process.platform === "win32") {
     :         ^^^^^^^^^^^^^^^^
 191 |       // By PID, without /T: the tree was already walked with the reuse guard.
     `----

  x t3code(namespace-node-imports): Import node:child_process as a namespace named NodeChildProcess.
   ,-[apps/server/src/provider/processTree.test.ts:2:1]
 1 | // @effect-diagnostics nodeBuiltinImport:off
 2 | import { spawn } from "node:child_process";
   : ^^^^^^^^^^^^^^^^^^^^^^^^^^^^^^^^^^^^^^^^^^^
 3 | import { setTimeout as delay } from "node:timers/promises";
   `----

  x t3code(namespace-node-imports): Import node:timers/promises as a namespace named NodeTimersPromises.
   ,-[apps/server/src/provider/processTree.test.ts:3:1]
 2 | import { spawn } from "node:child_process";
 3 | import { setTimeout as delay } from "node:timers/promises";
   : ^^^^^^^^^^^^^^^^^^^^^^^^^^^^^^^^^^^^^^^^^^^^^^^^^^^^^^^^^^^
 4 | 
   `----

  x t3code(no-manual-effect-runtime-in-tests): Do not use Effect.runSync in tests. Use @effect/vitest with it.effect(...) and test layers instead.
      ,-[apps/server/src/provider/Layers/CodexSessionRuntime.test.ts:1121:20]
 1120 |   it("is wired through buildTurnStartParams", () => {
 1121 |     const params = Effect.runSync(
      :                    ^^^^^^^^^^^^^^
 1122 |       buildTurnStartParams({
      `----

  ! react(refs): Cannot access refs during render
     ,-[apps/mobile/src/state/use-thread-selection.ts:111:5]
 110 |   const selectedThreadKey =
 111 |     selectedThreadRef === null
     :     ^^^^^^^^^^^^^|^^^^^^^^^^^^
     :                  `-- Cannot access ref value during render
 112 |       ? null
     `----
  help: React refs are values that are not needed for rendering. Refs should only be accessed outside of render, such as in event handlers or effects. Accessing a ref value (the `current` property) during render can cause your component not to update as expected
  note: React Compiler skipped optimizing this component or hook. Additional guidance: https://react.dev/reference/eslint-plugin-react-hooks/lints/refs

  ! react(refs): Cannot access refs during render
     ,-[apps/mobile/src/state/use-thread-selection.ts:108:47]
 107 |   }
 108 |   const selectedThreadRef = routeThreadRef ?? lastRouteThreadRef.current;
     :                                               ^^^^^^^^^^^^^|^^^^^^^^^^^^
     :                                                            `-- Passing a ref to a function may read its value during render
 109 |   const selectedThreadShell = useThreadShell(selectedThreadRef);
     `----
  help: React refs are values that are not needed for rendering. Refs should only be accessed outside of render, such as in event handlers or effects. Accessing a ref value (the `current` property) during render can cause your component not to update as expected
  note: React Compiler skipped optimizing this component or hook. Additional guidance: https://react.dev/reference/eslint-plugin-react-hooks/lints/refs

  ! react(refs): Cannot access refs during render
     ,-[apps/mobile/src/state/use-thread-selection.ts:108:47]
 107 |   }
 108 |   const selectedThreadRef = routeThreadRef ?? lastRouteThreadRef.current;
     :                                               ^^^^^^^^^^^^^|^^^^^^^^^^^^
     :                                                            `-- Passing a ref to a function may read its value during render
 109 |   const selectedThreadShell = useThreadShell(selectedThreadRef);
     `----
  help: React refs are values that are not needed for rendering. Refs should only be accessed outside of render, such as in event handlers or effects. Accessing a ref value (the `current` property) during render can cause your component not to update as expected
  note: React Compiler skipped optimizing this component or hook. Additional guidance: https://react.dev/reference/eslint-plugin-react-hooks/lints/refs

  ! react(refs): Cannot access refs during render
     ,-[apps/mobile/src/state/use-thread-selection.ts:108:47]
 107 |   }
 108 |   const selectedThreadRef = routeThreadRef ?? lastRouteThreadRef.current;
     :                                               ^^^^^^^^^^^^^|^^^^^^^^^^^^
     :                                                            `-- Cannot access ref value during render
 109 |   const selectedThreadShell = useThreadShell(selectedThreadRef);
     `----
  help: React refs are values that are not needed for rendering. Refs should only be accessed outside of render, such as in event handlers or effects. Accessing a ref value (the `current` property) during render can cause your component not to update as expected
  note: React Compiler skipped optimizing this component or hook. Additional guidance: https://react.dev/reference/eslint-plugin-react-hooks/lints/refs

  ! react(refs): Cannot access refs during render
     ,-[apps/mobile/src/state/use-thread-selection.ts:108:47]
 107 |   }
 108 |   const selectedThreadRef = routeThreadRef ?? lastRouteThreadRef.current;
     :                                               ^^^^^^^^^^^^^|^^^^^^^^^^^^
     :                                                            `-- Cannot access ref value during render
 109 |   const selectedThreadShell = useThreadShell(selectedThreadRef);
     `----
  help: React refs are values that are not needed for rendering. Refs should only be accessed outside of render, such as in event handlers or effects. Accessing a ref value (the `current` property) during render can cause your component not to update as expected
  note: React Compiler skipped optimizing this component or hook. Additional guidance: https://react.dev/reference/eslint-plugin-react-hooks/lints/refs

  ! react(refs): Cannot access refs during render
     ,-[apps/mobile/src/state/use-thread-selection.ts:108:47]
 107 |   }
 108 |   const selectedThreadRef = routeThreadRef ?? lastRouteThreadRef.current;
     :                                               ^^^^^^^^^^^^^|^^^^^^^^^^^^
     :                                                            `-- Cannot access ref value during render
 109 |   const selectedThreadShell = useThreadShell(selectedThreadRef);
     `----
  help: React refs are values that are not needed for rendering. Refs should only be accessed outside of render, such as in event handlers or effects. Accessing a ref value (the `current` property) during render can cause your component not to update as expected
  note: React Compiler skipped optimizing this component or hook. Additional guidance: https://react.dev/reference/eslint-plugin-react-hooks/lints/refs

Found 858 warnings and 12 errors.
Finished in 6.0s on 4841 files with 185 rules using 20 threads.

--- stderr ---
note: You are running `vp lint` as a Vite+ built-in command. If you meant to run the lint npm script, use `vpr lint` instead.

